components/attendance/attendance-list.tsx(11,23): error TS2307: Cannot find module 'sonner' or its corresponding type declarations.
components/payments/payment-dialog.tsx(60,9): error TS2322: Type 'Resolver<{ player_id: string; amount_due: unknown; season_year: string; due_date?: Date | undefined; }, any, { player_id: string; amount_due: number; season_year: string; due_date?: Date | undefined; }>' is not assignable to type 'Resolver<{ player_id: string; amount_due: number; season_year: string; due_date?: Date | undefined; }, any, { player_id: string; amount_due: number; season_year: string; due_date?: Date | undefined; }>'.
  Types of parameters 'options' and 'options' are incompatible.
    Type 'ResolverOptions<{ player_id: string; amount_due: number; season_year: string; due_date?: Date | undefined; }>' is not assignable to type 'ResolverOptions<{ player_id: string; amount_due: unknown; season_year: string; due_date?: Date | undefined; }>'.
      Type 'unknown' is not assignable to type 'number'.
components/payments/payment-dialog.tsx(103,55): error TS2345: Argument of type '(values: { player_id: string; amount_due: number; season_year: string; due_date?: Date | undefined; }) => Promise<void>' is not assignable to parameter of type 'SubmitHandler<TFieldValues>'.
  Types of parameters 'values' and 'data' are incompatible.
    Type 'TFieldValues' is not assignable to type '{ player_id: string; amount_due: number; season_year: string; due_date?: Date | undefined; }'.
      Type 'FieldValues' is missing the following properties from type '{ player_id: string; amount_due: number; season_year: string; due_date?: Date | undefined; }': player_id, amount_due, season_year
components/payments/payment-dialog.tsx(105,29): error TS2322: Type 'Control<{ player_id: string; amount_due: number; season_year: string; due_date?: Date | undefined; }, any, TFieldValues>' is not assignable to type 'Control<{ player_id: string; amount_due: number; season_year: string; due_date?: Date | undefined; }, any, { player_id: string; amount_due: number; season_year: string; due_date?: Date | undefined; }>'.
  The types of '_options.resolver' are incompatible between these types.
    Type 'Resolver<{ player_id: string; amount_due: number; season_year: string; due_date?: Date | undefined; }, any, TFieldValues> | undefined' is not assignable to type 'Resolver<{ player_id: string; amount_due: number; season_year: string; due_date?: Date | undefined; }, any, { player_id: string; amount_due: number; season_year: string; due_date?: Date | undefined; }> | undefined'.
      Type 'Resolver<{ player_id: string; amount_due: number; season_year: string; due_date?: Date | undefined; }, any, TFieldValues>' is not assignable to type 'Resolver<{ player_id: string; amount_due: number; season_year: string; due_date?: Date | undefined; }, any, { player_id: string; amount_due: number; season_year: string; due_date?: Date | undefined; }>'.
        Type 'ResolverResult<{ player_id: string; amount_due: number; season_year: string; due_date?: Date | undefined; }, TFieldValues> | Promise<ResolverResult<{ player_id: string; amount_due: number; season_year: string; due_date?: Date | undefined; }, TFieldValues>>' is not assignable to type 'ResolverResult<{ player_id: string; amount_due: number; season_year: string; due_date?: Date | undefined; }, { player_id: string; amount_due: number; season_year: string; due_date?: Date | undefined; }> | Promise<...>'.
          Type 'ResolverSuccess<TFieldValues>' is not assignable to type 'ResolverResult<{ player_id: string; amount_due: number; season_year: string; due_date?: Date | undefined; }, { player_id: string; amount_due: number; season_year: string; due_date?: Date | undefined; }> | Promise<...>'.
            Type 'ResolverSuccess<TFieldValues>' is not assignable to type 'ResolverSuccess<{ player_id: string; amount_due: number; season_year: string; due_date?: Date | undefined; }>'.
              Type 'TFieldValues' is not assignable to type '{ player_id: string; amount_due: number; season_year: string; due_date?: Date | undefined; }'.
                Type 'FieldValues' is missing the following properties from type '{ player_id: string; amount_due: number; season_year: string; due_date?: Date | undefined; }': player_id, amount_due, season_year
components/payments/payment-dialog.tsx(129,29): error TS2322: Type 'Control<{ player_id: string; amount_due: number; season_year: string; due_date?: Date | undefined; }, any, TFieldValues>' is not assignable to type 'Control<{ player_id: string; amount_due: number; season_year: string; due_date?: Date | undefined; }, any, { player_id: string; amount_due: number; season_year: string; due_date?: Date | undefined; }>'.
  The types of '_options.resolver' are incompatible between these types.
    Type 'Resolver<{ player_id: string; amount_due: number; season_year: string; due_date?: Date | undefined; }, any, TFieldValues> | undefined' is not assignable to type 'Resolver<{ player_id: string; amount_due: number; season_year: string; due_date?: Date | undefined; }, any, { player_id: string; amount_due: number; season_year: string; due_date?: Date | undefined; }> | undefined'.
      Type 'Resolver<{ player_id: string; amount_due: number; season_year: string; due_date?: Date | undefined; }, any, TFieldValues>' is not assignable to type 'Resolver<{ player_id: string; amount_due: number; season_year: string; due_date?: Date | undefined; }, any, { player_id: string; amount_due: number; season_year: string; due_date?: Date | undefined; }>'.
        Type 'ResolverResult<{ player_id: string; amount_due: number; season_year: string; due_date?: Date | undefined; }, TFieldValues> | Promise<ResolverResult<{ player_id: string; amount_due: number; season_year: string; due_date?: Date | undefined; }, TFieldValues>>' is not assignable to type 'ResolverResult<{ player_id: string; amount_due: number; season_year: string; due_date?: Date | undefined; }, { player_id: string; amount_due: number; season_year: string; due_date?: Date | undefined; }> | Promise<...>'.
          Type 'ResolverSuccess<TFieldValues>' is not assignable to type 'ResolverResult<{ player_id: string; amount_due: number; season_year: string; due_date?: Date | undefined; }, { player_id: string; amount_due: number; season_year: string; due_date?: Date | undefined; }> | Promise<...>'.
            Type 'ResolverSuccess<TFieldValues>' is not assignable to type 'ResolverSuccess<{ player_id: string; amount_due: number; season_year: string; due_date?: Date | undefined; }>'.
              Type 'TFieldValues' is not assignable to type '{ player_id: string; amount_due: number; season_year: string; due_date?: Date | undefined; }'.
                Type 'FieldValues' is missing the following properties from type '{ player_id: string; amount_due: number; season_year: string; due_date?: Date | undefined; }': player_id, amount_due, season_year
components/payments/payment-dialog.tsx(142,29): error TS2322: Type 'Control<{ player_id: string; amount_due: number; season_year: string; due_date?: Date | undefined; }, any, TFieldValues>' is not assignable to type 'Control<{ player_id: string; amount_due: number; season_year: string; due_date?: Date | undefined; }, any, { player_id: string; amount_due: number; season_year: string; due_date?: Date | undefined; }>'.
  The types of '_options.resolver' are incompatible between these types.
    Type 'Resolver<{ player_id: string; amount_due: number; season_year: string; due_date?: Date | undefined; }, any, TFieldValues> | undefined' is not assignable to type 'Resolver<{ player_id: string; amount_due: number; season_year: string; due_date?: Date | undefined; }, any, { player_id: string; amount_due: number; season_year: string; due_date?: Date | undefined; }> | undefined'.
      Type 'Resolver<{ player_id: string; amount_due: number; season_year: string; due_date?: Date | undefined; }, any, TFieldValues>' is not assignable to type 'Resolver<{ player_id: string; amount_due: number; season_year: string; due_date?: Date | undefined; }, any, { player_id: string; amount_due: number; season_year: string; due_date?: Date | undefined; }>'.
        Type 'ResolverResult<{ player_id: string; amount_due: number; season_year: string; due_date?: Date | undefined; }, TFieldValues> | Promise<ResolverResult<{ player_id: string; amount_due: number; season_year: string; due_date?: Date | undefined; }, TFieldValues>>' is not assignable to type 'ResolverResult<{ player_id: string; amount_due: number; season_year: string; due_date?: Date | undefined; }, { player_id: string; amount_due: number; season_year: string; due_date?: Date | undefined; }> | Promise<...>'.
          Type 'ResolverSuccess<TFieldValues>' is not assignable to type 'ResolverResult<{ player_id: string; amount_due: number; season_year: string; due_date?: Date | undefined; }, { player_id: string; amount_due: number; season_year: string; due_date?: Date | undefined; }> | Promise<...>'.
            Type 'ResolverSuccess<TFieldValues>' is not assignable to type 'ResolverSuccess<{ player_id: string; amount_due: number; season_year: string; due_date?: Date | undefined; }>'.
              Type 'TFieldValues' is not assignable to type '{ player_id: string; amount_due: number; season_year: string; due_date?: Date | undefined; }'.
                Type 'FieldValues' is missing the following properties from type '{ player_id: string; amount_due: number; season_year: string; due_date?: Date | undefined; }': player_id, amount_due, season_year
components/payments/payment-dialog.tsx(155,29): error TS2322: Type 'Control<{ player_id: string; amount_due: number; season_year: string; due_date?: Date | undefined; }, any, TFieldValues>' is not assignable to type 'Control<{ player_id: string; amount_due: number; season_year: string; due_date?: Date | undefined; }, any, { player_id: string; amount_due: number; season_year: string; due_date?: Date | undefined; }>'.
  The types of '_options.resolver' are incompatible between these types.
    Type 'Resolver<{ player_id: string; amount_due: number; season_year: string; due_date?: Date | undefined; }, any, TFieldValues> | undefined' is not assignable to type 'Resolver<{ player_id: string; amount_due: number; season_year: string; due_date?: Date | undefined; }, any, { player_id: string; amount_due: number; season_year: string; due_date?: Date | undefined; }> | undefined'.
      Type 'Resolver<{ player_id: string; amount_due: number; season_year: string; due_date?: Date | undefined; }, any, TFieldValues>' is not assignable to type 'Resolver<{ player_id: string; amount_due: number; season_year: string; due_date?: Date | undefined; }, any, { player_id: string; amount_due: number; season_year: string; due_date?: Date | undefined; }>'.
        Type 'ResolverResult<{ player_id: string; amount_due: number; season_year: string; due_date?: Date | undefined; }, TFieldValues> | Promise<ResolverResult<{ player_id: string; amount_due: number; season_year: string; due_date?: Date | undefined; }, TFieldValues>>' is not assignable to type 'ResolverResult<{ player_id: string; amount_due: number; season_year: string; due_date?: Date | undefined; }, { player_id: string; amount_due: number; season_year: string; due_date?: Date | undefined; }> | Promise<...>'.
          Type 'ResolverSuccess<TFieldValues>' is not assignable to type 'ResolverResult<{ player_id: string; amount_due: number; season_year: string; due_date?: Date | undefined; }, { player_id: string; amount_due: number; season_year: string; due_date?: Date | undefined; }> | Promise<...>'.
            Type 'ResolverSuccess<TFieldValues>' is not assignable to type 'ResolverSuccess<{ player_id: string; amount_due: number; season_year: string; due_date?: Date | undefined; }>'.
              Type 'TFieldValues' is not assignable to type '{ player_id: string; amount_due: number; season_year: string; due_date?: Date | undefined; }'.
                Type 'FieldValues' is missing the following properties from type '{ player_id: string; amount_due: number; season_year: string; due_date?: Date | undefined; }': player_id, amount_due, season_year
components/ui/calendar.tsx(9,32): error TS2305: Module '"react-day-picker"' has no exported member 'getDefaultClassNames'.
components/ui/calendar.tsx(39,31): error TS7006: Parameter 'date' implicitly has an 'any' type.
